Archive member included because of file (symbol)

/usr/lib/gcc/avr/4.5.3/avr5/libgcc.a(_exit.o)
                              /usr/lib/gcc/avr/4.5.3/../../../avr/lib/avr5/crtusb646.o (exit)

Discarded input sections

 .data          0x0000000000000000        0x0 /usr/lib/gcc/avr/4.5.3/../../../avr/lib/avr5/crtusb646.o
 .bss           0x0000000000000000        0x0 /usr/lib/gcc/avr/4.5.3/../../../avr/lib/avr5/crtusb646.o
 .text          0x0000000000000000        0x0 obj/final_project.o
 .data          0x0000000000000000        0x0 obj/final_project.o
 .bss           0x0000000000000000        0x0 obj/final_project.o
 .text.SendByteUART
                0x0000000000000000        0x6 obj/final_project.o
 .text          0x0000000000000000        0x0 /usr/lib/gcc/avr/4.5.3/avr5/libgcc.a(_exit.o)
 .data          0x0000000000000000        0x0 /usr/lib/gcc/avr/4.5.3/avr5/libgcc.a(_exit.o)
 .bss           0x0000000000000000        0x0 /usr/lib/gcc/avr/4.5.3/avr5/libgcc.a(_exit.o)
 .text.libgcc   0x0000000000000000        0x0 /usr/lib/gcc/avr/4.5.3/avr5/libgcc.a(_exit.o)

Memory Configuration

Name             Origin             Length             Attributes
text             0x0000000000000000 0x0000000000020000 xr
data             0x0000000000800060 0x000000000000ffa0 rw !x
eeprom           0x0000000000810000 0x0000000000010000 rw !x
fuse             0x0000000000820000 0x0000000000000400 rw !x
lock             0x0000000000830000 0x0000000000000400 rw !x
signature        0x0000000000840000 0x0000000000000400 rw !x
*default*        0x0000000000000000 0xffffffffffffffff

Linker script and memory map

Address of section .data set to 0x800100
LOAD /usr/lib/gcc/avr/4.5.3/../../../avr/lib/avr5/crtusb646.o
LOAD obj/final_project.o
LOAD /usr/lib/gcc/avr/4.5.3/../../../avr/lib/avr5/libm.a
LOAD /usr/lib/gcc/avr/4.5.3/avr5/libgcc.a
LOAD /usr/lib/gcc/avr/4.5.3/../../../avr/lib/avr5/libc.a
LOAD /usr/lib/gcc/avr/4.5.3/avr5/libgcc.a

.hash
 *(.hash)

.dynsym
 *(.dynsym)

.dynstr
 *(.dynstr)

.gnu.version
 *(.gnu.version)

.gnu.version_d
 *(.gnu.version_d)

.gnu.version_r
 *(.gnu.version_r)

.rel.init
 *(.rel.init)

.rela.init
 *(.rela.init)

.rel.text
 *(.rel.text)
 *(.rel.text.*)
 *(.rel.gnu.linkonce.t*)

.rela.text
 *(.rela.text)
 *(.rela.text.*)
 *(.rela.gnu.linkonce.t*)

.rel.fini
 *(.rel.fini)

.rela.fini
 *(.rela.fini)

.rel.rodata
 *(.rel.rodata)
 *(.rel.rodata.*)
 *(.rel.gnu.linkonce.r*)

.rela.rodata
 *(.rela.rodata)
 *(.rela.rodata.*)
 *(.rela.gnu.linkonce.r*)

.rel.data
 *(.rel.data)
 *(.rel.data.*)
 *(.rel.gnu.linkonce.d*)

.rela.data
 *(.rela.data)
 *(.rela.data.*)
 *(.rela.gnu.linkonce.d*)

.rel.ctors
 *(.rel.ctors)

.rela.ctors
 *(.rela.ctors)

.rel.dtors
 *(.rel.dtors)

.rela.dtors
 *(.rela.dtors)

.rel.got
 *(.rel.got)

.rela.got
 *(.rela.got)

.rel.bss
 *(.rel.bss)

.rela.bss
 *(.rela.bss)

.rel.plt
 *(.rel.plt)

.rela.plt
 *(.rela.plt)

.text           0x0000000000000000      0x130
 *(.vectors)
 .vectors       0x0000000000000000       0x98 /usr/lib/gcc/avr/4.5.3/../../../avr/lib/avr5/crtusb646.o
                0x0000000000000000                __vectors
                0x0000000000000000                __vector_default
 *(.vectors)
 *(.progmem.gcc*)
 *(.progmem*)
                0x0000000000000098                . = ALIGN (0x2)
                0x0000000000000098                __trampolines_start = .
 *(.trampolines)
 .trampolines   0x0000000000000098        0x0 linker stubs
 *(.trampolines*)
                0x0000000000000098                __trampolines_end = .
 *(.jumptables)
 *(.jumptables*)
 *(.lowtext)
 *(.lowtext*)
                0x0000000000000098                __ctors_start = .
 *(.ctors)
                0x0000000000000098                __ctors_end = .
                0x0000000000000098                __dtors_start = .
 *(.dtors)
                0x0000000000000098                __dtors_end = .
 SORT(*)(.ctors)
 SORT(*)(.dtors)
 *(.init0)
 .init0         0x0000000000000098        0x0 /usr/lib/gcc/avr/4.5.3/../../../avr/lib/avr5/crtusb646.o
                0x0000000000000098                __init
 *(.init0)
 *(.init1)
 *(.init1)
 *(.init2)
 .init2         0x0000000000000098        0xc /usr/lib/gcc/avr/4.5.3/../../../avr/lib/avr5/crtusb646.o
 *(.init2)
 *(.init3)
 *(.init3)
 *(.init4)
 *(.init4)
 *(.init5)
 *(.init5)
 *(.init6)
 *(.init6)
 *(.init7)
 *(.init7)
 *(.init8)
 *(.init8)
 *(.init9)
 .init9         0x00000000000000a4        0x4 /usr/lib/gcc/avr/4.5.3/../../../avr/lib/avr5/crtusb646.o
 *(.init9)
 *(.text)
 .text          0x00000000000000a8        0x2 /usr/lib/gcc/avr/4.5.3/../../../avr/lib/avr5/crtusb646.o
                0x00000000000000a8                __vector_22
                0x00000000000000a8                __vector_28
                0x00000000000000a8                __vector_1
                0x00000000000000a8                __vector_32
                0x00000000000000a8                __vector_34
                0x00000000000000a8                __vector_24
                0x00000000000000a8                __vector_12
                0x00000000000000a8                __bad_interrupt
                0x00000000000000a8                __vector_6
                0x00000000000000a8                __vector_31
                0x00000000000000a8                __vector_35
                0x00000000000000a8                __vector_3
                0x00000000000000a8                __vector_23
                0x00000000000000a8                __vector_30
                0x00000000000000a8                __vector_11
                0x00000000000000a8                __vector_13
                0x00000000000000a8                __vector_17
                0x00000000000000a8                __vector_19
                0x00000000000000a8                __vector_7
                0x00000000000000a8                __vector_27
                0x00000000000000a8                __vector_5
                0x00000000000000a8                __vector_33
                0x00000000000000a8                __vector_37
                0x00000000000000a8                __vector_4
                0x00000000000000a8                __vector_9
                0x00000000000000a8                __vector_2
                0x00000000000000a8                __vector_21
                0x00000000000000a8                __vector_15
                0x00000000000000a8                __vector_36
                0x00000000000000a8                __vector_29
                0x00000000000000a8                __vector_8
                0x00000000000000a8                __vector_26
                0x00000000000000a8                __vector_14
                0x00000000000000a8                __vector_10
                0x00000000000000a8                __vector_16
                0x00000000000000a8                __vector_18
                0x00000000000000a8                __vector_20
                0x00000000000000aa                . = ALIGN (0x2)
 *(.text.*)
 .text.initialize
                0x00000000000000aa       0x16 obj/final_project.o
                0x00000000000000aa                initialize
 .text.clearArray
                0x00000000000000c0       0x10 obj/final_project.o
                0x00000000000000c0                clearArray
 .text.InitializeUART
                0x00000000000000d0       0x26 obj/final_project.o
                0x00000000000000d0                InitializeUART
 .text.__vector_25
                0x00000000000000f6       0x28 obj/final_project.o
                0x00000000000000f6                __vector_25
 .text.main     0x000000000000011e        0xe obj/final_project.o
                0x000000000000011e                main
                0x000000000000012c                . = ALIGN (0x2)
 *(.fini9)
 .fini9         0x000000000000012c        0x0 /usr/lib/gcc/avr/4.5.3/avr5/libgcc.a(_exit.o)
                0x000000000000012c                exit
                0x000000000000012c                _exit
 *(.fini9)
 *(.fini8)
 *(.fini8)
 *(.fini7)
 *(.fini7)
 *(.fini6)
 *(.fini6)
 *(.fini5)
 *(.fini5)
 *(.fini4)
 *(.fini4)
 *(.fini3)
 *(.fini3)
 *(.fini2)
 *(.fini2)
 *(.fini1)
 *(.fini1)
 *(.fini0)
 .fini0         0x000000000000012c        0x4 /usr/lib/gcc/avr/4.5.3/avr5/libgcc.a(_exit.o)
 *(.fini0)
                0x0000000000000130                _etext = .

.data           0x0000000000800100        0x0 load address 0x0000000000000130
                0x0000000000800100                PROVIDE (__data_start, .)
 *(.data)
 *(.data*)
 *(.rodata)
 *(.rodata*)
 *(.gnu.linkonce.d*)
                0x0000000000800100                . = ALIGN (0x2)
                0x0000000000800100                _edata = .
                0x0000000000800100                PROVIDE (__data_end, .)

.bss            0x0000000000800100        0x0
                0x0000000000800100                PROVIDE (__bss_start, .)
 *(.bss)
 *(.bss*)
 *(COMMON)
                0x0000000000800100                PROVIDE (__bss_end, .)
                0x0000000000000130                __data_load_start = LOADADDR (.data)
                0x0000000000000130                __data_load_end = (__data_load_start + SIZEOF (.data))

.noinit         0x0000000000800100        0x0
                0x0000000000800100                PROVIDE (__noinit_start, .)
 *(.noinit*)
                0x0000000000800100                PROVIDE (__noinit_end, .)
                0x0000000000800100                _end = .
                0x0000000000800100                PROVIDE (__heap_start, .)

.eeprom         0x0000000000810000        0x0
 *(.eeprom*)
                0x0000000000810000                __eeprom_end = .

.fuse
 *(.fuse)
 *(.lfuse)
 *(.hfuse)
 *(.efuse)

.lock
 *(.lock*)

.signature
 *(.signature*)

.stab           0x0000000000000000      0x6cc
 *(.stab)
 .stab          0x0000000000000000      0x6cc /usr/lib/gcc/avr/4.5.3/../../../avr/lib/avr5/crtusb646.o

.stabstr        0x0000000000000000       0x54
 *(.stabstr)
 .stabstr       0x0000000000000000       0x54 /usr/lib/gcc/avr/4.5.3/../../../avr/lib/avr5/crtusb646.o

.stab.excl
 *(.stab.excl)

.stab.exclstr
 *(.stab.exclstr)

.stab.index
 *(.stab.index)

.stab.indexstr
 *(.stab.indexstr)

.comment
 *(.comment)

.debug
 *(.debug)

.line
 *(.line)

.debug_srcinfo
 *(.debug_srcinfo)

.debug_sfnames
 *(.debug_sfnames)

.debug_aranges
 *(.debug_aranges)

.debug_pubnames
 *(.debug_pubnames)

.debug_info
 *(.debug_info)
 *(.gnu.linkonce.wi.*)

.debug_abbrev
 *(.debug_abbrev)

.debug_line
 *(.debug_line)

.debug_frame
 *(.debug_frame)

.debug_str
 *(.debug_str)

.debug_loc
 *(.debug_loc)

.debug_macinfo
 *(.debug_macinfo)
OUTPUT(final_project.elf elf32-avr)
LOAD linker stubs

Cross Reference Table

Symbol                                            File
InitializeUART                                    obj/final_project.o
SendByteUART                                      obj/final_project.o
__bad_interrupt                                   /usr/lib/gcc/avr/4.5.3/../../../avr/lib/avr5/crtusb646.o
__heap_end                                        /usr/lib/gcc/avr/4.5.3/../../../avr/lib/avr5/crtusb646.o
__init                                            /usr/lib/gcc/avr/4.5.3/../../../avr/lib/avr5/crtusb646.o
__stack                                           /usr/lib/gcc/avr/4.5.3/../../../avr/lib/avr5/crtusb646.o
__vector_1                                        /usr/lib/gcc/avr/4.5.3/../../../avr/lib/avr5/crtusb646.o
__vector_10                                       /usr/lib/gcc/avr/4.5.3/../../../avr/lib/avr5/crtusb646.o
__vector_11                                       /usr/lib/gcc/avr/4.5.3/../../../avr/lib/avr5/crtusb646.o
__vector_12                                       /usr/lib/gcc/avr/4.5.3/../../../avr/lib/avr5/crtusb646.o
__vector_13                                       /usr/lib/gcc/avr/4.5.3/../../../avr/lib/avr5/crtusb646.o
__vector_14                                       /usr/lib/gcc/avr/4.5.3/../../../avr/lib/avr5/crtusb646.o
__vector_15                                       /usr/lib/gcc/avr/4.5.3/../../../avr/lib/avr5/crtusb646.o
__vector_16                                       /usr/lib/gcc/avr/4.5.3/../../../avr/lib/avr5/crtusb646.o
__vector_17                                       /usr/lib/gcc/avr/4.5.3/../../../avr/lib/avr5/crtusb646.o
__vector_18                                       /usr/lib/gcc/avr/4.5.3/../../../avr/lib/avr5/crtusb646.o
__vector_19                                       /usr/lib/gcc/avr/4.5.3/../../../avr/lib/avr5/crtusb646.o
__vector_2                                        /usr/lib/gcc/avr/4.5.3/../../../avr/lib/avr5/crtusb646.o
__vector_20                                       /usr/lib/gcc/avr/4.5.3/../../../avr/lib/avr5/crtusb646.o
__vector_21                                       /usr/lib/gcc/avr/4.5.3/../../../avr/lib/avr5/crtusb646.o
__vector_22                                       /usr/lib/gcc/avr/4.5.3/../../../avr/lib/avr5/crtusb646.o
__vector_23                                       /usr/lib/gcc/avr/4.5.3/../../../avr/lib/avr5/crtusb646.o
__vector_24                                       /usr/lib/gcc/avr/4.5.3/../../../avr/lib/avr5/crtusb646.o
__vector_25                                       obj/final_project.o
                                                  /usr/lib/gcc/avr/4.5.3/../../../avr/lib/avr5/crtusb646.o
__vector_26                                       /usr/lib/gcc/avr/4.5.3/../../../avr/lib/avr5/crtusb646.o
__vector_27                                       /usr/lib/gcc/avr/4.5.3/../../../avr/lib/avr5/crtusb646.o
__vector_28                                       /usr/lib/gcc/avr/4.5.3/../../../avr/lib/avr5/crtusb646.o
__vector_29                                       /usr/lib/gcc/avr/4.5.3/../../../avr/lib/avr5/crtusb646.o
__vector_3                                        /usr/lib/gcc/avr/4.5.3/../../../avr/lib/avr5/crtusb646.o
__vector_30                                       /usr/lib/gcc/avr/4.5.3/../../../avr/lib/avr5/crtusb646.o
__vector_31                                       /usr/lib/gcc/avr/4.5.3/../../../avr/lib/avr5/crtusb646.o
__vector_32                                       /usr/lib/gcc/avr/4.5.3/../../../avr/lib/avr5/crtusb646.o
__vector_33                                       /usr/lib/gcc/avr/4.5.3/../../../avr/lib/avr5/crtusb646.o
__vector_34                                       /usr/lib/gcc/avr/4.5.3/../../../avr/lib/avr5/crtusb646.o
__vector_35                                       /usr/lib/gcc/avr/4.5.3/../../../avr/lib/avr5/crtusb646.o
__vector_36                                       /usr/lib/gcc/avr/4.5.3/../../../avr/lib/avr5/crtusb646.o
__vector_37                                       /usr/lib/gcc/avr/4.5.3/../../../avr/lib/avr5/crtusb646.o
__vector_4                                        /usr/lib/gcc/avr/4.5.3/../../../avr/lib/avr5/crtusb646.o
__vector_5                                        /usr/lib/gcc/avr/4.5.3/../../../avr/lib/avr5/crtusb646.o
__vector_6                                        /usr/lib/gcc/avr/4.5.3/../../../avr/lib/avr5/crtusb646.o
__vector_7                                        /usr/lib/gcc/avr/4.5.3/../../../avr/lib/avr5/crtusb646.o
__vector_8                                        /usr/lib/gcc/avr/4.5.3/../../../avr/lib/avr5/crtusb646.o
__vector_9                                        /usr/lib/gcc/avr/4.5.3/../../../avr/lib/avr5/crtusb646.o
__vector_default                                  /usr/lib/gcc/avr/4.5.3/../../../avr/lib/avr5/crtusb646.o
__vectors                                         /usr/lib/gcc/avr/4.5.3/../../../avr/lib/avr5/crtusb646.o
_exit                                             /usr/lib/gcc/avr/4.5.3/avr5/libgcc.a(_exit.o)
clearArray                                        obj/final_project.o
exit                                              /usr/lib/gcc/avr/4.5.3/avr5/libgcc.a(_exit.o)
                                                  /usr/lib/gcc/avr/4.5.3/../../../avr/lib/avr5/crtusb646.o
initialize                                        obj/final_project.o
main                                              obj/final_project.o
                                                  /usr/lib/gcc/avr/4.5.3/../../../avr/lib/avr5/crtusb646.o
